{
  "fetched_total": 18,
  "disqualified": 18,
  "staged_qualified": 0,
  "output_csv": "/Users/arlindakaloshi/.hubsy/skills/career-switch-lead-scout/output/staged_leads_2026-09-23.csv",
  "output_pdf": null,
  "disqualified_records": [
    {
      "source": "mock",
      "_mock": true,
      "full_name": "Besnik Hoxha",
      "profile_url": "https://linkedin.com/in/mock-besnik-hoxha",
      "location": "Tirana, Albania",
      "employment_status": "unemployed",
      "background_industry": "Accountant (fired, seeking new field)",
      "career_goal": "Career transition after layoff; asked agent for instant placement only",
      "public_email": "besnik.hoxha.mock@gmail.com",
      "study_hours_per_week": 12,
      "investment_intent": false,
      "alignment": 0.7,
      "exp_years": 0,
      "seeks_direct_placement": true,
      "passive_expectations": false,
      "raw_hint": "career transition, want corporate headhunting to place me quickly",
      "fetched_at": "2026-09-22T19:42:34.089752",
      "disqualification_reason": "demands immediate corporate headhunting placement over training"
    },
    {
      "source": "mock",
      "_mock": true,
      "full_name": "Linda Rexhepi",
      "profile_url": "https://www.reddit.com/user/mock-linda-rexhepi",
      "location": "Remote, Worldwide",
      "employment_status": "unemployed",
      "background_industry": "Previous junior digital marketer (3y)",
      "career_goal": "Get back into digital marketing at a senior title",
      "public_email": "linda.rexhepi.mock@gmail.com",
      "study_hours_per_week": 10,
      "investment_intent": true,
      "alignment": 0.4,
      "exp_years": 3,
      "seeks_direct_placement": false,
      "passive_expectations": false,
      "raw_hint": "open to work, digital marketing, 3 years experience",
      "fetched_at": "2026-09-22T19:42:34.089753",
      "disqualification_reason": "exceeds 2y direct experience in previous junior digital marketer (3y)"
    },
    {
      "source": "mock",
      "_mock": true,
      "full_name": "Blerim Jakupi",
      "profile_url": "https://facebook.com/groups/mock/blerim",
      "location": "Pristina, Kosovo",
      "employment_status": "employed (factory)",
      "background_industry": "Factory line worker",
      "career_goal": "Learn tech fast, wants shortcuts",
      "public_email": "",
      "study_hours_per_week": 2,
      "investment_intent": false,
      "alignment": 0.5,
      "exp_years": 0,
      "seeks_direct_placement": false,
      "passive_expectations": true,
      "raw_hint": "want a new career but only 2 hours a week and want it easy",
      "fetched_at": "2026-09-22T19:42:34.089753",
      "disqualification_reason": "study availability 2h/wk below 5h/wk minimum; seeking passive results rather than active study"
    },
    {
      "source": "mock",
      "_mock": true,
      "full_name": "Besnik Hoxha",
      "profile_url": "https://linkedin.com/in/mock-besnik-hoxha",
      "location": "Tirana, Albania",
      "employment_status": "unemployed",
      "background_industry": "Accountant (fired, seeking new field)",
      "career_goal": "Career transition after layoff; asked agent for instant placement only",
      "public_email": "besnik.hoxha.mock@gmail.com",
      "study_hours_per_week": 12,
      "investment_intent": false,
      "alignment": 0.7,
      "exp_years": 0,
      "seeks_direct_placement": true,
      "passive_expectations": false,
      "raw_hint": "career transition, want corporate headhunting to place me quickly",
      "fetched_at": "2026-09-23T21:43:32.312356",
      "disqualification_reason": "demands immediate corporate headhunting placement over training"
    },
    {
      "source": "mock",
      "_mock": true,
      "full_name": "Linda Rexhepi",
      "profile_url": "https://www.reddit.com/user/mock-linda-rexhepi",
      "location": "Remote, Worldwide",
      "employment_status": "unemployed",
      "background_industry": "Previous junior digital marketer (3y)",
      "career_goal": "Get back into digital marketing at a senior title",
      "public_email": "linda.rexhepi.mock@gmail.com",
      "study_hours_per_week": 10,
      "investment_intent": true,
      "alignment": 0.4,
      "exp_years": 3,
      "seeks_direct_placement": false,
      "passive_expectations": false,
      "raw_hint": "open to work, digital marketing, 3 years experience",
      "fetched_at": "2026-09-23T21:43:32.312357",
      "disqualification_reason": "exceeds 2y direct experience in previous junior digital marketer (3y)"
    },
    {
      "source": "mock",
      "_mock": true,
      "full_name": "Blerim Jakupi",
      "profile_url": "https://facebook.com/groups/mock/blerim",
      "location": "Pristina, Kosovo",
      "employment_status": "employed (factory)",
      "background_industry": "Factory line worker",
      "career_goal": "Learn tech fast, wants shortcuts",
      "public_email": "",
      "study_hours_per_week": 2,
      "investment_intent": false,
      "alignment": 0.5,
      "exp_years": 0,
      "seeks_direct_placement": false,
      "passive_expectations": true,
      "raw_hint": "want a new career but only 2 hours a week and want it easy",
      "fetched_at": "2026-09-23T21:43:32.312358",
      "disqualification_reason": "study availability 2h/wk below 5h/wk minimum; seeking passive results rather than active study"
    },
    {
      "source": "mock",
      "_mock": true,
      "full_name": "Besnik Hoxha",
      "profile_url": "https://linkedin.com/in/mock-besnik-hoxha",
      "location": "Tirana, Albania",
      "employment_status": "unemployed",
      "background_industry": "Accountant (fired, seeking new field)",
      "career_goal": "Career transition after layoff; asked agent for instant placement only",
      "public_email": "besnik.hoxha.mock@gmail.com",
      "study_hours_per_week": 12,
      "investment_intent": false,
      "alignment": 0.7,
      "exp_years": 0,
      "seeks_direct_placement": true,
      "passive_expectations": false,
      "raw_hint": "career transition, want corporate headhunting to place me quickly",
      "fetched_at": "2026-09-22T19:42:33.986925",
      "disqualification_reason": "demands immediate corporate headhunting placement over training"
    },
    {
      "source": "mock",
      "_mock": true,
      "full_name": "Linda Rexhepi",
      "profile_url": "https://www.reddit.com/user/mock-linda-rexhepi",
      "location": "Remote, Worldwide",
      "employment_status": "unemployed",
      "background_industry": "Previous junior digital marketer (3y)",
      "career_goal": "Get back into digital marketing at a senior title",
      "public_email": "linda.rexhepi.mock@gmail.com",
      "study_hours_per_week": 10,
      "investment_intent": true,
      "alignment": 0.4,
      "exp_years": 3,
      "seeks_direct_placement": false,
      "passive_expectations": false,
      "raw_hint": "open to work, digital marketing, 3 years experience",
      "fetched_at": "2026-09-22T19:42:33.986925",
      "disqualification_reason": "exceeds 2y direct experience in previous junior digital marketer (3y)"
    },
    {
      "source": "mock",
      "_mock": true,
      "full_name": "Blerim Jakupi",
      "profile_url": "https://facebook.com/groups/mock/blerim",
      "location": "Pristina, Kosovo",
      "employment_status": "employed (factory)",
      "background_industry": "Factory line worker",
      "career_goal": "Learn tech fast, wants shortcuts",
      "public_email": "",
      "study_hours_per_week": 2,
      "investment_intent": false,
      "alignment": 0.5,
      "exp_years": 0,
      "seeks_direct_placement": false,
      "passive_expectations": true,
      "raw_hint": "want a new career but only 2 hours a week and want it easy",
      "fetched_at": "2026-09-22T19:42:33.986926",
      "disqualification_reason": "study availability 2h/wk below 5h/wk minimum; seeking passive results rather than active study"
    },
    {
      "source": "mock",
      "_mock": true,
      "full_name": "Besnik Hoxha",
      "profile_url": "https://linkedin.com/in/mock-besnik-hoxha",
      "location": "Tirana, Albania",
      "employment_status": "unemployed",
      "background_industry": "Accountant (fired, seeking new field)",
      "career_goal": "Career transition after layoff; asked agent for instant placement only",
      "public_email": "besnik.hoxha.mock@gmail.com",
      "study_hours_per_week": 12,
      "investment_intent": false,
      "alignment": 0.7,
      "exp_years": 0,
      "seeks_direct_placement": true,
      "passive_expectations": false,
      "raw_hint": "career transition, want corporate headhunting to place me quickly",
      "fetched_at": "2026-09-23T21:43:32.239646",
      "disqualification_reason": "demands immediate corporate headhunting placement over training"
    },
    {
      "source": "mock",
      "_mock": true,
      "full_name": "Linda Rexhepi",
      "profile_url": "https://www.reddit.com/user/mock-linda-rexhepi",
      "location": "Remote, Worldwide",
      "employment_status": "unemployed",
      "background_industry": "Previous junior digital marketer (3y)",
      "career_goal": "Get back into digital marketing at a senior title",
      "public_email": "linda.rexhepi.mock@gmail.com",
      "study_hours_per_week": 10,
      "investment_intent": true,
      "alignment": 0.4,
      "exp_years": 3,
      "seeks_direct_placement": false,
      "passive_expectations": false,
      "raw_hint": "open to work, digital marketing, 3 years experience",
      "fetched_at": "2026-09-23T21:43:32.239647",
      "disqualification_reason": "exceeds 2y direct experience in previous junior digital marketer (3y)"
    },
    {
      "source": "mock",
      "_mock": true,
      "full_name": "Blerim Jakupi",
      "profile_url": "https://facebook.com/groups/mock/blerim",
      "location": "Pristina, Kosovo",
      "employment_status": "employed (factory)",
      "background_industry": "Factory line worker",
      "career_goal": "Learn tech fast, wants shortcuts",
      "public_email": "",
      "study_hours_per_week": 2,
      "investment_intent": false,
      "alignment": 0.5,
      "exp_years": 0,
      "seeks_direct_placement": false,
      "passive_expectations": true,
      "raw_hint": "want a new career but only 2 hours a week and want it easy",
      "fetched_at": "2026-09-23T21:43:32.239647",
      "disqualification_reason": "study availability 2h/wk below 5h/wk minimum; seeking passive results rather than active study"
    },
    {
      "source": "mock",
      "_mock": true,
      "full_name": "Besnik Hoxha",
      "profile_url": "https://linkedin.com/in/mock-besnik-hoxha",
      "location": "Tirana, Albania",
      "employment_status": "unemployed",
      "background_industry": "Accountant (fired, seeking new field)",
      "career_goal": "Career transition after layoff; asked agent for instant placement only",
      "public_email": "besnik.hoxha.mock@gmail.com",
      "study_hours_per_week": 12,
      "investment_intent": false,
      "alignment": 0.7,
      "exp_years": 0,
      "seeks_direct_placement": true,
      "passive_expectations": false,
      "raw_hint": "career transition, want corporate headhunting to place me quickly",
      "fetched_at": "2026-09-22T19:42:34.042130",
      "disqualification_reason": "demands immediate corporate headhunting placement over training"
    },
    {
      "source": "mock",
      "_mock": true,
      "full_name": "Linda Rexhepi",
      "profile_url": "https://www.reddit.com/user/mock-linda-rexhepi",
      "location": "Remote, Worldwide",
      "employment_status": "unemployed",
      "background_industry": "Previous junior digital marketer (3y)",
      "career_goal": "Get back into digital marketing at a senior title",
      "public_email": "linda.rexhepi.mock@gmail.com",
      "study_hours_per_week": 10,
      "investment_intent": true,
      "alignment": 0.4,
      "exp_years": 3,
      "seeks_direct_placement": false,
      "passive_expectations": false,
      "raw_hint": "open to work, digital marketing, 3 years experience",
      "fetched_at": "2026-09-22T19:42:34.042130",
      "disqualification_reason": "exceeds 2y direct experience in previous junior digital marketer (3y)"
    },
    {
      "source": "mock",
      "_mock": true,
      "full_name": "Blerim Jakupi",
      "profile_url": "https://facebook.com/groups/mock/blerim",
      "location": "Pristina, Kosovo",
      "employment_status": "employed (factory)",
      "background_industry": "Factory line worker",
      "career_goal": "Learn tech fast, wants shortcuts",
      "public_email": "",
      "study_hours_per_week": 2,
      "investment_intent": false,
      "alignment": 0.5,
      "exp_years": 0,
      "seeks_direct_placement": false,
      "passive_expectations": true,
      "raw_hint": "want a new career but only 2 hours a week and want it easy",
      "fetched_at": "2026-09-22T19:42:34.042131",
      "disqualification_reason": "study availability 2h/wk below 5h/wk minimum; seeking passive results rather than active study"
    },
    {
      "source": "mock",
      "_mock": true,
      "full_name": "Besnik Hoxha",
      "profile_url": "https://linkedin.com/in/mock-besnik-hoxha",
      "location": "Tirana, Albania",
      "employment_status": "unemployed",
      "background_industry": "Accountant (fired, seeking new field)",
      "career_goal": "Career transition after layoff; asked agent for instant placement only",
      "public_email": "besnik.hoxha.mock@gmail.com",
      "study_hours_per_week": 12,
      "investment_intent": false,
      "alignment": 0.7,
      "exp_years": 0,
      "seeks_direct_placement": true,
      "passive_expectations": false,
      "raw_hint": "career transition, want corporate headhunting to place me quickly",
      "fetched_at": "2026-09-23T21:43:32.275975",
      "disqualification_reason": "demands immediate corporate headhunting placement over training"
    },
    {
      "source": "mock",
      "_mock": true,
      "full_name": "Linda Rexhepi",
      "profile_url": "https://www.reddit.com/user/mock-linda-rexhepi",
      "location": "Remote, Worldwide",
      "employment_status": "unemployed",
      "background_industry": "Previous junior digital marketer (3y)",
      "career_goal": "Get back into digital marketing at a senior title",
      "public_email": "linda.rexhepi.mock@gmail.com",
      "study_hours_per_week": 10,
      "investment_intent": true,
      "alignment": 0.4,
      "exp_years": 3,
      "seeks_direct_placement": false,
      "passive_expectations": false,
      "raw_hint": "open to work, digital marketing, 3 years experience",
      "fetched_at": "2026-09-23T21:43:32.275976",
      "disqualification_reason": "exceeds 2y direct experience in previous junior digital marketer (3y)"
    },
    {
      "source": "mock",
      "_mock": true,
      "full_name": "Blerim Jakupi",
      "profile_url": "https://facebook.com/groups/mock/blerim",
      "location": "Pristina, Kosovo",
      "employment_status": "employed (factory)",
      "background_industry": "Factory line worker",
      "career_goal": "Learn tech fast, wants shortcuts",
      "public_email": "",
      "study_hours_per_week": 2,
      "investment_intent": false,
      "alignment": 0.5,
      "exp_years": 0,
      "seeks_direct_placement": false,
      "passive_expectations": true,
      "raw_hint": "want a new career but only 2 hours a week and want it easy",
      "fetched_at": "2026-09-23T21:43:32.275976",
      "disqualification_reason": "study availability 2h/wk below 5h/wk minimum; seeking passive results rather than active study"
    }
  ]
}
run_queue completed at Wed Sep 23 21:43:32 CEST 2026
{
  "fetched_total": 18,
  "disqualified": 18,
  "staged_qualified": 0,
  "output_csv": "/Users/arlindakaloshi/.hubsy/skills/career-switch-lead-scout/output/staged_leads_2026-09-24.csv",
  "output_pdf": null,
  "disqualified_records": [
    {
      "source": "mock",
      "_mock": true,
      "full_name": "Besnik Hoxha",
      "profile_url": "https://linkedin.com/in/mock-besnik-hoxha",
      "location": "Tirana, Albania",
      "employment_status": "unemployed",
      "background_industry": "Accountant (fired, seeking new field)",
      "career_goal": "Career transition after layoff; asked agent for instant placement only",
      "public_email": "besnik.hoxha.mock@gmail.com",
      "study_hours_per_week": 12,
      "investment_intent": false,
      "alignment": 0.7,
      "exp_years": 0,
      "seeks_direct_placement": true,
      "passive_expectations": false,
      "raw_hint": "career transition, want corporate headhunting to place me quickly",
      "fetched_at": "2026-09-22T19:42:34.089752",
      "disqualification_reason": "demands immediate corporate headhunting placement over training"
    },
    {
      "source": "mock",
      "_mock": true,
      "full_name": "Linda Rexhepi",
      "profile_url": "https://www.reddit.com/user/mock-linda-rexhepi",
      "location": "Remote, Worldwide",
      "employment_status": "unemployed",
      "background_industry": "Previous junior digital marketer (3y)",
      "career_goal": "Get back into digital marketing at a senior title",
      "public_email": "linda.rexhepi.mock@gmail.com",
      "study_hours_per_week": 10,
      "investment_intent": true,
      "alignment": 0.4,
      "exp_years": 3,
      "seeks_direct_placement": false,
      "passive_expectations": false,
      "raw_hint": "open to work, digital marketing, 3 years experience",
      "fetched_at": "2026-09-22T19:42:34.089753",
      "disqualification_reason": "exceeds 2y direct experience in previous junior digital marketer (3y)"
    },
    {
      "source": "mock",
      "_mock": true,
      "full_name": "Blerim Jakupi",
      "profile_url": "https://facebook.com/groups/mock/blerim",
      "location": "Pristina, Kosovo",
      "employment_status": "employed (factory)",
      "background_industry": "Factory line worker",
      "career_goal": "Learn tech fast, wants shortcuts",
      "public_email": "",
      "study_hours_per_week": 2,
      "investment_intent": false,
      "alignment": 0.5,
      "exp_years": 0,
      "seeks_direct_placement": false,
      "passive_expectations": true,
      "raw_hint": "want a new career but only 2 hours a week and want it easy",
      "fetched_at": "2026-09-22T19:42:34.089753",
      "disqualification_reason": "study availability 2h/wk below 5h/wk minimum; seeking passive results rather than active study"
    },
    {
      "source": "mock",
      "_mock": true,
      "full_name": "Besnik Hoxha",
      "profile_url": "https://linkedin.com/in/mock-besnik-hoxha",
      "location": "Tirana, Albania",
      "employment_status": "unemployed",
      "background_industry": "Accountant (fired, seeking new field)",
      "career_goal": "Career transition after layoff; asked agent for instant placement only",
      "public_email": "besnik.hoxha.mock@gmail.com",
      "study_hours_per_week": 12,
      "investment_intent": false,
      "alignment": 0.7,
      "exp_years": 0,
      "seeks_direct_placement": true,
      "passive_expectations": false,
      "raw_hint": "career transition, want corporate headhunting to place me quickly",
      "fetched_at": "2026-09-23T21:43:32.312356",
      "disqualification_reason": "demands immediate corporate headhunting placement over training"
    },
    {
      "source": "mock",
      "_mock": true,
      "full_name": "Linda Rexhepi",
      "profile_url": "https://www.reddit.com/user/mock-linda-rexhepi",
      "location": "Remote, Worldwide",
      "employment_status": "unemployed",
      "background_industry": "Previous junior digital marketer (3y)",
      "career_goal": "Get back into digital marketing at a senior title",
      "public_email": "linda.rexhepi.mock@gmail.com",
      "study_hours_per_week": 10,
      "investment_intent": true,
      "alignment": 0.4,
      "exp_years": 3,
      "seeks_direct_placement": false,
      "passive_expectations": false,
      "raw_hint": "open to work, digital marketing, 3 years experience",
      "fetched_at": "2026-09-23T21:43:32.312357",
      "disqualification_reason": "exceeds 2y direct experience in previous junior digital marketer (3y)"
    },
    {
      "source": "mock",
      "_mock": true,
      "full_name": "Blerim Jakupi",
      "profile_url": "https://facebook.com/groups/mock/blerim",
      "location": "Pristina, Kosovo",
      "employment_status": "employed (factory)",
      "background_industry": "Factory line worker",
      "career_goal": "Learn tech fast, wants shortcuts",
      "public_email": "",
      "study_hours_per_week": 2,
      "investment_intent": false,
      "alignment": 0.5,
      "exp_years": 0,
      "seeks_direct_placement": false,
      "passive_expectations": true,
      "raw_hint": "want a new career but only 2 hours a week and want it easy",
      "fetched_at": "2026-09-23T21:43:32.312358",
      "disqualification_reason": "study availability 2h/wk below 5h/wk minimum; seeking passive results rather than active study"
    },
    {
      "source": "mock",
      "_mock": true,
      "full_name": "Besnik Hoxha",
      "profile_url": "https://linkedin.com/in/mock-besnik-hoxha",
      "location": "Tirana, Albania",
      "employment_status": "unemployed",
      "background_industry": "Accountant (fired, seeking new field)",
      "career_goal": "Career transition after layoff; asked agent for instant placement only",
      "public_email": "besnik.hoxha.mock@gmail.com",
      "study_hours_per_week": 12,
      "investment_intent": false,
      "alignment": 0.7,
      "exp_years": 0,
      "seeks_direct_placement": true,
      "passive_expectations": false,
      "raw_hint": "career transition, want corporate headhunting to place me quickly",
      "fetched_at": "2026-09-22T19:42:33.986925",
      "disqualification_reason": "demands immediate corporate headhunting placement over training"
    },
    {
      "source": "mock",
      "_mock": true,
      "full_name": "Linda Rexhepi",
      "profile_url": "https://www.reddit.com/user/mock-linda-rexhepi",
      "location": "Remote, Worldwide",
      "employment_status": "unemployed",
      "background_industry": "Previous junior digital marketer (3y)",
      "career_goal": "Get back into digital marketing at a senior title",
      "public_email": "linda.rexhepi.mock@gmail.com",
      "study_hours_per_week": 10,
      "investment_intent": true,
      "alignment": 0.4,
      "exp_years": 3,
      "seeks_direct_placement": false,
      "passive_expectations": false,
      "raw_hint": "open to work, digital marketing, 3 years experience",
      "fetched_at": "2026-09-22T19:42:33.986925",
      "disqualification_reason": "exceeds 2y direct experience in previous junior digital marketer (3y)"
    },
    {
      "source": "mock",
      "_mock": true,
      "full_name": "Blerim Jakupi",
      "profile_url": "https://facebook.com/groups/mock/blerim",
      "location": "Pristina, Kosovo",
      "employment_status": "employed (factory)",
      "background_industry": "Factory line worker",
      "career_goal": "Learn tech fast, wants shortcuts",
      "public_email": "",
      "study_hours_per_week": 2,
      "investment_intent": false,
      "alignment": 0.5,
      "exp_years": 0,
      "seeks_direct_placement": false,
      "passive_expectations": true,
      "raw_hint": "want a new career but only 2 hours a week and want it easy",
      "fetched_at": "2026-09-22T19:42:33.986926",
      "disqualification_reason": "study availability 2h/wk below 5h/wk minimum; seeking passive results rather than active study"
    },
    {
      "source": "mock",
      "_mock": true,
      "full_name": "Besnik Hoxha",
      "profile_url": "https://linkedin.com/in/mock-besnik-hoxha",
      "location": "Tirana, Albania",
      "employment_status": "unemployed",
      "background_industry": "Accountant (fired, seeking new field)",
      "career_goal": "Career transition after layoff; asked agent for instant placement only",
      "public_email": "besnik.hoxha.mock@gmail.com",
      "study_hours_per_week": 12,
      "investment_intent": false,
      "alignment": 0.7,
      "exp_years": 0,
      "seeks_direct_placement": true,
      "passive_expectations": false,
      "raw_hint": "career transition, want corporate headhunting to place me quickly",
      "fetched_at": "2026-09-23T21:43:32.239646",
      "disqualification_reason": "demands immediate corporate headhunting placement over training"
    },
    {
      "source": "mock",
      "_mock": true,
      "full_name": "Linda Rexhepi",
      "profile_url": "https://www.reddit.com/user/mock-linda-rexhepi",
      "location": "Remote, Worldwide",
      "employment_status": "unemployed",
      "background_industry": "Previous junior digital marketer (3y)",
      "career_goal": "Get back into digital marketing at a senior title",
      "public_email": "linda.rexhepi.mock@gmail.com",
      "study_hours_per_week": 10,
      "investment_intent": true,
      "alignment": 0.4,
      "exp_years": 3,
      "seeks_direct_placement": false,
      "passive_expectations": false,
      "raw_hint": "open to work, digital marketing, 3 years experience",
      "fetched_at": "2026-09-23T21:43:32.239647",
      "disqualification_reason": "exceeds 2y direct experience in previous junior digital marketer (3y)"
    },
    {
      "source": "mock",
      "_mock": true,
      "full_name": "Blerim Jakupi",
      "profile_url": "https://facebook.com/groups/mock/blerim",
      "location": "Pristina, Kosovo",
      "employment_status": "employed (factory)",
      "background_industry": "Factory line worker",
      "career_goal": "Learn tech fast, wants shortcuts",
      "public_email": "",
      "study_hours_per_week": 2,
      "investment_intent": false,
      "alignment": 0.5,
      "exp_years": 0,
      "seeks_direct_placement": false,
      "passive_expectations": true,
      "raw_hint": "want a new career but only 2 hours a week and want it easy",
      "fetched_at": "2026-09-23T21:43:32.239647",
      "disqualification_reason": "study availability 2h/wk below 5h/wk minimum; seeking passive results rather than active study"
    },
    {
      "source": "mock",
      "_mock": true,
      "full_name": "Besnik Hoxha",
      "profile_url": "https://linkedin.com/in/mock-besnik-hoxha",
      "location": "Tirana, Albania",
      "employment_status": "unemployed",
      "background_industry": "Accountant (fired, seeking new field)",
      "career_goal": "Career transition after layoff; asked agent for instant placement only",
      "public_email": "besnik.hoxha.mock@gmail.com",
      "study_hours_per_week": 12,
      "investment_intent": false,
      "alignment": 0.7,
      "exp_years": 0,
      "seeks_direct_placement": true,
      "passive_expectations": false,
      "raw_hint": "career transition, want corporate headhunting to place me quickly",
      "fetched_at": "2026-09-22T19:42:34.042130",
      "disqualification_reason": "demands immediate corporate headhunting placement over training"
    },
    {
      "source": "mock",
      "_mock": true,
      "full_name": "Linda Rexhepi",
      "profile_url": "https://www.reddit.com/user/mock-linda-rexhepi",
      "location": "Remote, Worldwide",
      "employment_status": "unemployed",
      "background_industry": "Previous junior digital marketer (3y)",
      "career_goal": "Get back into digital marketing at a senior title",
      "public_email": "linda.rexhepi.mock@gmail.com",
      "study_hours_per_week": 10,
      "investment_intent": true,
      "alignment": 0.4,
      "exp_years": 3,
      "seeks_direct_placement": false,
      "passive_expectations": false,
      "raw_hint": "open to work, digital marketing, 3 years experience",
      "fetched_at": "2026-09-22T19:42:34.042130",
      "disqualification_reason": "exceeds 2y direct experience in previous junior digital marketer (3y)"
    },
    {
      "source": "mock",
      "_mock": true,
      "full_name": "Blerim Jakupi",
      "profile_url": "https://facebook.com/groups/mock/blerim",
      "location": "Pristina, Kosovo",
      "employment_status": "employed (factory)",
      "background_industry": "Factory line worker",
      "career_goal": "Learn tech fast, wants shortcuts",
      "public_email": "",
      "study_hours_per_week": 2,
      "investment_intent": false,
      "alignment": 0.5,
      "exp_years": 0,
      "seeks_direct_placement": false,
      "passive_expectations": true,
      "raw_hint": "want a new career but only 2 hours a week and want it easy",
      "fetched_at": "2026-09-22T19:42:34.042131",
      "disqualification_reason": "study availability 2h/wk below 5h/wk minimum; seeking passive results rather than active study"
    },
    {
      "source": "mock",
      "_mock": true,
      "full_name": "Besnik Hoxha",
      "profile_url": "https://linkedin.com/in/mock-besnik-hoxha",
      "location": "Tirana, Albania",
      "employment_status": "unemployed",
      "background_industry": "Accountant (fired, seeking new field)",
      "career_goal": "Career transition after layoff; asked agent for instant placement only",
      "public_email": "besnik.hoxha.mock@gmail.com",
      "study_hours_per_week": 12,
      "investment_intent": false,
      "alignment": 0.7,
      "exp_years": 0,
      "seeks_direct_placement": true,
      "passive_expectations": false,
      "raw_hint": "career transition, want corporate headhunting to place me quickly",
      "fetched_at": "2026-09-23T21:43:32.275975",
      "disqualification_reason": "demands immediate corporate headhunting placement over training"
    },
    {
      "source": "mock",
      "_mock": true,
      "full_name": "Linda Rexhepi",
      "profile_url": "https://www.reddit.com/user/mock-linda-rexhepi",
      "location": "Remote, Worldwide",
      "employment_status": "unemployed",
      "background_industry": "Previous junior digital marketer (3y)",
      "career_goal": "Get back into digital marketing at a senior title",
      "public_email": "linda.rexhepi.mock@gmail.com",
      "study_hours_per_week": 10,
      "investment_intent": true,
      "alignment": 0.4,
      "exp_years": 3,
      "seeks_direct_placement": false,
      "passive_expectations": false,
      "raw_hint": "open to work, digital marketing, 3 years experience",
      "fetched_at": "2026-09-23T21:43:32.275976",
      "disqualification_reason": "exceeds 2y direct experience in previous junior digital marketer (3y)"
    },
    {
      "source": "mock",
      "_mock": true,
      "full_name": "Blerim Jakupi",
      "profile_url": "https://facebook.com/groups/mock/blerim",
      "location": "Pristina, Kosovo",
      "employment_status": "employed (factory)",
      "background_industry": "Factory line worker",
      "career_goal": "Learn tech fast, wants shortcuts",
      "public_email": "",
      "study_hours_per_week": 2,
      "investment_intent": false,
      "alignment": 0.5,
      "exp_years": 0,
      "seeks_direct_placement": false,
      "passive_expectations": true,
      "raw_hint": "want a new career but only 2 hours a week and want it easy",
      "fetched_at": "2026-09-23T21:43:32.275976",
      "disqualification_reason": "study availability 2h/wk below 5h/wk minimum; seeking passive results rather than active study"
    }
  ]
}
run_queue completed at Thu Sep 24 18:00:01 CEST 2026
